maude tool: 'maude'
 checking version: 3.5.1. OK.
 checking installation: OK.
diffLemma
[Theory Kwaay_Deniability_Core_Diff] Theory loaded
[Theory Kwaay_Deniability_Core_Diff] Theory translated
[Theory Kwaay_Deniability_Core_Diff] Derivation checks started
[Saturating Sources] Step 1 (Max 5)
[Saturating Sources] Done
[Theory Kwaay_Deniability_Core_Diff] Derivation checks ended
[Theory Kwaay_Deniability_Core_Diff] Theory closed
theory Kwaay_Deniability_Core_Diff

begin

// Function signature and definition of the equational theory E

functions: ekem_ct/2, ekpk/1, fst/1, h/1, kpk/1, lkem_ct/2, pair/2, pk/2,
           receiver_payload/2, receiver_prekey/3, sender_payload/1, sender_prekey/2,
           sid_of/7, sign/2, skem_component/3, skem_rpk/1, skem_spk/1, snd/1, spk/1
equations: fst(<x.1, x.2>) = x.1, snd(<x.1, x.2>) = x.2

rule (modulo E) CoreTranscript_Diff:
   [
   Fr( ~sigSkA ), Fr( ~kemSkA ), Fr( ~senderSkA ), Fr( ~sigSkB ),
   Fr( ~kemSkB ), Fr( ~receiverSkB ), Fr( ~receiverEskB ), Fr( ~rhoL ),
   Fr( ~rhoK ), Fr( ~rhoS )
   ]
  --[
  CoreRealTranscript( $A, $B,
                      <$A, $B, pk(spk(~sigSkA), kpk(~kemSkA)), pk(spk(~sigSkB), kpk(~kemSkB)), 
                       sender_prekey(skem_spk(~senderSkA),
                                     sign(~sigSkA, sender_payload(skem_spk(~senderSkA)))), 
                       receiver_prekey(skem_rpk(~receiverSkB), ekpk(~receiverEskB),
                                       sign(~sigSkB,
                                            receiver_payload(skem_rpk(~receiverSkB), ekpk(~receiverEskB)))), 
                       <lkem_ct(kpk(~kemSkB), ~rhoL), ekem_ct(ekpk(~receiverEskB), ~rhoK), 
                        skem_component(skem_spk(~senderSkA), skem_rpk(~receiverSkB), ~rhoS)>, 
                       sid_of($A, $B, pk(spk(~sigSkA), kpk(~kemSkA)),
                              pk(spk(~sigSkB), kpk(~kemSkB)),
                              sender_prekey(skem_spk(~senderSkA),
                                            sign(~sigSkA, sender_payload(skem_spk(~senderSkA)))),
                              receiver_prekey(skem_rpk(~receiverSkB), ekpk(~receiverEskB),
                                              sign(~sigSkB,
                                                   receiver_payload(skem_rpk(~receiverSkB),
                                                                    ekpk(~receiverEskB)))),
                              <lkem_ct(kpk(~kemSkB), ~rhoL), ekem_ct(ekpk(~receiverEskB), ~rhoK), 
                               skem_component(skem_spk(~senderSkA), skem_rpk(~receiverSkB), ~rhoS)>)
                      >,
                      sid_of($A, $B, pk(spk(~sigSkA), kpk(~kemSkA)),
                             pk(spk(~sigSkB), kpk(~kemSkB)),
                             sender_prekey(skem_spk(~senderSkA),
                                           sign(~sigSkA, sender_payload(skem_spk(~senderSkA)))),
                             receiver_prekey(skem_rpk(~receiverSkB), ekpk(~receiverEskB),
                                             sign(~sigSkB,
                                                  receiver_payload(skem_rpk(~receiverSkB),
                                                                   ekpk(~receiverEskB)))),
                             <lkem_ct(kpk(~kemSkB), ~rhoL), ekem_ct(ekpk(~receiverEskB), ~rhoK), 
                              skem_component(skem_spk(~senderSkA), skem_rpk(~receiverSkB), ~rhoS)>)
  ),
  CoreSimulatedTranscript( $A, $B,
                           <$A, $B, pk(spk(~sigSkA), kpk(~kemSkA)), pk(spk(~sigSkB), kpk(~kemSkB)), 
                            sender_prekey(skem_spk(~senderSkA),
                                          sign(~sigSkA, sender_payload(skem_spk(~senderSkA)))), 
                            receiver_prekey(skem_rpk(~receiverSkB), ekpk(~receiverEskB),
                                            sign(~sigSkB,
                                                 receiver_payload(skem_rpk(~receiverSkB),
                                                                  ekpk(~receiverEskB)))), 
                            <lkem_ct(kpk(~kemSkB), ~rhoL), ekem_ct(ekpk(~receiverEskB), ~rhoK), 
                             skem_component(skem_spk(~senderSkA), skem_rpk(~receiverSkB), ~rhoS)>, 
                            sid_of($A, $B, pk(spk(~sigSkA), kpk(~kemSkA)),
                                   pk(spk(~sigSkB), kpk(~kemSkB)),
                                   sender_prekey(skem_spk(~senderSkA),
                                                 sign(~sigSkA, sender_payload(skem_spk(~senderSkA)))),
                                   receiver_prekey(skem_rpk(~receiverSkB), ekpk(~receiverEskB),
                                                   sign(~sigSkB,
                                                        receiver_payload(skem_rpk(~receiverSkB),
                                                                         ekpk(~receiverEskB)))),
                                   <lkem_ct(kpk(~kemSkB), ~rhoL), ekem_ct(ekpk(~receiverEskB), ~rhoK), 
                                    skem_component(skem_spk(~senderSkA), skem_rpk(~receiverSkB), ~rhoS)>)
                           >,
                           sid_of($A, $B, pk(spk(~sigSkA), kpk(~kemSkA)),
                                  pk(spk(~sigSkB), kpk(~kemSkB)),
                                  sender_prekey(skem_spk(~senderSkA),
                                                sign(~sigSkA, sender_payload(skem_spk(~senderSkA)))),
                                  receiver_prekey(skem_rpk(~receiverSkB), ekpk(~receiverEskB),
                                                  sign(~sigSkB,
                                                       receiver_payload(skem_rpk(~receiverSkB),
                                                                        ekpk(~receiverEskB)))),
                                  <lkem_ct(kpk(~kemSkB), ~rhoL), ekem_ct(ekpk(~receiverEskB), ~rhoK), 
                                   skem_component(skem_spk(~senderSkA), skem_rpk(~receiverSkB), ~rhoS)>)
  ),
  JudgeViewPublic( $A, $B )
  ]->
   [
   Out( pk(spk(~sigSkA), kpk(~kemSkA)) ),
   Out( pk(spk(~sigSkB), kpk(~kemSkB)) ),
   Out( sender_prekey(skem_spk(~senderSkA),
                      sign(~sigSkA, sender_payload(skem_spk(~senderSkA))))
   ),
   Out( receiver_prekey(skem_rpk(~receiverSkB), ekpk(~receiverEskB),
                        sign(~sigSkB,
                             receiver_payload(skem_rpk(~receiverSkB), ekpk(~receiverEskB))))
   ),
   Out( diff(<$A, $B, pk(spk(~sigSkA), kpk(~kemSkA)), 
              pk(spk(~sigSkB), kpk(~kemSkB)), 
              sender_prekey(skem_spk(~senderSkA),
                            sign(~sigSkA, sender_payload(skem_spk(~senderSkA)))), 
              receiver_prekey(skem_rpk(~receiverSkB), ekpk(~receiverEskB),
                              sign(~sigSkB,
                                   receiver_payload(skem_rpk(~receiverSkB), ekpk(~receiverEskB)))), 
              <lkem_ct(kpk(~kemSkB), ~rhoL), ekem_ct(ekpk(~receiverEskB), ~rhoK), 
               skem_component(skem_spk(~senderSkA), skem_rpk(~receiverSkB), ~rhoS)>, 
              sid_of($A, $B, pk(spk(~sigSkA), kpk(~kemSkA)),
                     pk(spk(~sigSkB), kpk(~kemSkB)),
                     sender_prekey(skem_spk(~senderSkA),
                                   sign(~sigSkA, sender_payload(skem_spk(~senderSkA)))),
                     receiver_prekey(skem_rpk(~receiverSkB), ekpk(~receiverEskB),
                                     sign(~sigSkB,
                                          receiver_payload(skem_rpk(~receiverSkB), ekpk(~receiverEskB)))),
                     <lkem_ct(kpk(~kemSkB), ~rhoL), ekem_ct(ekpk(~receiverEskB), ~rhoK), 
                      skem_component(skem_spk(~senderSkA), skem_rpk(~receiverSkB), ~rhoS)>)
             >, <$A, $B, pk(spk(~sigSkA), kpk(~kemSkA)), 
                 pk(spk(~sigSkB), kpk(~kemSkB)), 
                 sender_prekey(skem_spk(~senderSkA),
                               sign(~sigSkA, sender_payload(skem_spk(~senderSkA)))), 
                 receiver_prekey(skem_rpk(~receiverSkB), ekpk(~receiverEskB),
                                 sign(~sigSkB,
                                      receiver_payload(skem_rpk(~receiverSkB), ekpk(~receiverEskB)))), 
                 <lkem_ct(kpk(~kemSkB), ~rhoL), ekem_ct(ekpk(~receiverEskB), ~rhoK), 
                  skem_component(skem_spk(~senderSkA), skem_rpk(~receiverSkB), ~rhoS)>, 
                 sid_of($A, $B, pk(spk(~sigSkA), kpk(~kemSkA)),
                        pk(spk(~sigSkB), kpk(~kemSkB)),
                        sender_prekey(skem_spk(~senderSkA),
                                      sign(~sigSkA, sender_payload(skem_spk(~senderSkA)))),
                        receiver_prekey(skem_rpk(~receiverSkB), ekpk(~receiverEskB),
                                        sign(~sigSkB,
                                             receiver_payload(skem_rpk(~receiverSkB), ekpk(~receiverEskB)))),
                        <lkem_ct(kpk(~kemSkB), ~rhoL), ekem_ct(ekpk(~receiverEskB), ~rhoK), 
                         skem_component(skem_spk(~senderSkA), skem_rpk(~receiverSkB), ~rhoS)>)
                >)
   ),
   Out( diff(sid_of($A, $B, pk(spk(~sigSkA), kpk(~kemSkA)),
                    pk(spk(~sigSkB), kpk(~kemSkB)),
                    sender_prekey(skem_spk(~senderSkA),
                                  sign(~sigSkA, sender_payload(skem_spk(~senderSkA)))),
                    receiver_prekey(skem_rpk(~receiverSkB), ekpk(~receiverEskB),
                                    sign(~sigSkB,
                                         receiver_payload(skem_rpk(~receiverSkB), ekpk(~receiverEskB)))),
                    <lkem_ct(kpk(~kemSkB), ~rhoL), ekem_ct(ekpk(~receiverEskB), ~rhoK), 
                     skem_component(skem_spk(~senderSkA), skem_rpk(~receiverSkB), ~rhoS)
                    >), sid_of($A, $B, pk(spk(~sigSkA), kpk(~kemSkA)),
                               pk(spk(~sigSkB), kpk(~kemSkB)),
                               sender_prekey(skem_spk(~senderSkA),
                                             sign(~sigSkA, sender_payload(skem_spk(~senderSkA)))),
                               receiver_prekey(skem_rpk(~receiverSkB), ekpk(~receiverEskB),
                                               sign(~sigSkB,
                                                    receiver_payload(skem_rpk(~receiverSkB),
                                                                     ekpk(~receiverEskB)))),
                               <lkem_ct(kpk(~kemSkB), ~rhoL), ekem_ct(ekpk(~receiverEskB), ~rhoK), 
                                skem_component(skem_spk(~senderSkA), skem_rpk(~receiverSkB), ~rhoS)>))
   )
   ]

lemma executable_core_real_transcript [right]:
  exists-trace
  "∃ A B tr sidv #i. CoreRealTranscript( A, B, tr, sidv ) @ #i"
/*
guarded formula characterizing all satisfying traces:
"∃ A B tr sidv #i. (CoreRealTranscript( A, B, tr, sidv ) @ #i)"
*/
simplify
SOLVED // trace found

lemma executable_core_real_transcript [left]:
  exists-trace
  "∃ A B tr sidv #i. CoreRealTranscript( A, B, tr, sidv ) @ #i"
/*
guarded formula characterizing all satisfying traces:
"∃ A B tr sidv #i. (CoreRealTranscript( A, B, tr, sidv ) @ #i)"
*/
simplify
SOLVED // trace found

lemma executable_core_simulated_transcript [right]:
  exists-trace
  "∃ A B tr sidv #i. CoreSimulatedTranscript( A, B, tr, sidv ) @ #i"
/*
guarded formula characterizing all satisfying traces:
"∃ A B tr sidv #i. (CoreSimulatedTranscript( A, B, tr, sidv ) @ #i)"
*/
by sorry

lemma executable_core_simulated_transcript [left]:
  exists-trace
  "∃ A B tr sidv #i. CoreSimulatedTranscript( A, B, tr, sidv ) @ #i"
/*
guarded formula characterizing all satisfying traces:
"∃ A B tr sidv #i. (CoreSimulatedTranscript( A, B, tr, sidv ) @ #i)"
*/
by sorry

diffLemma Observational_equivalence:
by sorry

/* All wellformedness checks were successful. */

/*
Generated from:
Tamarin version 1.12.0
Maude version 3.5.1
Git revision: UNKNOWN, branch: UNKNOWN
Compiled at: 2026-03-08 10:05:47.616272992 UTC
*/

end

==============================================================================
summary of summaries:

analyzed: tamarin/kwaay_deniability_core_diff.spthy

  processing time: 0.66s
  
  RHS :  executable_core_real_transcript (exists-trace): verified (2 steps)
  LHS :  executable_core_real_transcript (exists-trace): verified (2 steps)
  RHS :  executable_core_simulated_transcript (exists-trace): analysis incomplete (1 steps)
  LHS :  executable_core_simulated_transcript (exists-trace): analysis incomplete (1 steps)
  DiffLemma:  Observational_equivalence : analysis incomplete (1 steps)

==============================================================================
