maude tool: 'maude'
 checking version: 3.5.1. OK.
 checking installation: OK.
diffLemma
[Theory Kwaay_Deniability_Malicious_PoK_Diff] Theory loaded
[Theory Kwaay_Deniability_Malicious_PoK_Diff] Theory translated
[Theory Kwaay_Deniability_Malicious_PoK_Diff] Derivation checks started
[Saturating Sources] Step 1 (Max 5)
[Saturating Sources] Done
[Saturating Sources] Step 1 (Max 5)
[Saturating Sources] Done
[Saturating Sources] Step 1 (Max 5)
[Saturating Sources] Done
[Theory Kwaay_Deniability_Malicious_PoK_Diff] Derivation checks ended
[Theory Kwaay_Deniability_Malicious_PoK_Diff] Theory closed
[Saturating Sources] Step 1 (Max 5)
[Saturating Sources] Step 1 (Max 5)
[Saturating Sources] Done
[Saturating Sources] Step 1 (Max 5)
[Saturating Sources] Done
[Saturating Sources] Done
[Saturating Sources] Step 1 (Max 5)
[Saturating Sources] Done
