Process 0 (that is, the initial process):
{1}new sskA: sig_sk;
{2}new kskA: kem_sk;
{3}new sskB: sig_sk;
{4}new kskB: kem_sk;
{5}new senderSkA: skem_sender_sk;
{6}new receiverSkB: skem_receiver_sk;
{7}new ekskB: ekem_sk;
{8}!
{9}let sskA_1: sig_sk = sskA in
{10}let kskA_1: kem_sk = kskA in
{11}let sskB_1: sig_sk = sskB in
{12}let kskB_1: kem_sk = kskB in
{13}let senderSkA_1: skem_sender_sk = senderSkA in
{14}let receiverSkB_1: skem_receiver_sk = receiverSkB in
{15}let ekskB_1: ekem_sk = ekskB in
{16}let pkA: pk_tuple = pk(spk(sskA_1),kpk(kskA_1)) in
{17}let pkB: pk_tuple = pk(spk(sskB_1),kpk(kskB_1)) in
{18}out(c, pkA);
{19}out(c, pkB);
{20}let senderPkA: skem_sender_pk = pk_skem_sender(senderSkA_1) in
{21}let senderPayloadA: prekey_payload = payload_sender(senderPkA) in
{22}let senderPrekeyA: sender_prekey_bundle = sender_prekey(senderPkA,sign(sskA_1,senderPayloadA)) in
{23}out(c, senderPrekeyA);
{24}let receiverPkB: skem_receiver_pk = pk_skem_receiver(receiverSkB_1) in
{25}let receiverEpkB: ekem_pk = ekpk(ekskB_1) in
{26}let receiverPayloadB: prekey_payload = payload_receiver(receiverPkB,receiverEpkB) in
{27}let receiverPrekeyB: receiver_prekey_bundle = receiver_prekey(receiverPkB,receiverEpkB,sign(sskB_1,receiverPayloadB)) in
{28}out(c, receiverPrekeyB);
{29}in(c, receiverPrekeyForSend: receiver_prekey_bundle);
{30}let receiverPkForSend: skem_receiver_pk = get_receiver_prekey_pk(receiverPrekeyForSend) in
{31}let receiverEpkForSend: ekem_pk = get_receiver_prekey_ekpk(receiverPrekeyForSend) in
{32}let receiverSigForSend: signature = get_receiver_prekey_sig(receiverPrekeyForSend) in
{33}let receiverPayloadForSend: prekey_payload = payload_receiver(receiverPkForSend,receiverEpkForSend) in
{34}let =true = verify(spk(sskB_1),receiverPayloadForSend,receiverSigForSend) in
{35}event ReceiverPrekeyVerified(A,B,receiverPrekeyForSend);
{36}in(c, senderPrekeyFromNet: sender_prekey_bundle);
{37}let senderPkFromNet: skem_sender_pk = get_sender_prekey_pk(senderPrekeyFromNet) in
{38}let senderSigFromNet: signature = get_sender_prekey_sig(senderPrekeyFromNet) in
{39}let senderPayloadFromNet: prekey_payload = payload_sender(senderPkFromNet) in
{40}let =true = verify(spk(sskA_1),senderPayloadFromNet,senderSigFromNet) in
{41}event SenderPrekeyVerified(B,A,senderPrekeyFromNet);
{42}new rL: randomness;
{43}new rE: randomness;
{44}new rS: randomness;
{45}let ctL: kem_ct = lkem_enc(kpk(kskB_1),rL) in
{46}let KL: shared_secret = lkem_ss(kpk(kskB_1),rL) in
{47}let ctE: ekem_ct = ekem_enc(receiverEpkForSend,rE) in
{48}let KE: shared_secret = ekem_ss(receiverEpkForSend,rE) in
{49}let ctS: skem_ct = skem_enc(senderSkA_1,receiverPkForSend,rS) in
{50}let KS: shared_secret = skem_ss(senderSkA_1,receiverPkForSend,rS) in
{51}event AuthComponentSent(A,B,ctS,KS);
{52}let m: message_tuple = msg(ctL,ctE,ctS) in
{53}let sidAB: sid_t = sid_of(A,B,pkA,pkB,senderPrekeyA,receiverPrekeyForSend,m) in
{54}let kSend: session_key = kdf(KL,KE,KS,sidAB) in
{55}event SenderKey(A,B,sidAB,kSend);
{56}event SendDone(A,B,sidAB,kSend);
{57}out(c, cmsg(m,confirm_tag(kSend,sidAB)));
{58}in(c, cmFromNet: confirmed_message_tuple);
{59}let mFromNet: message_tuple = get_confirmed_msg(cmFromNet) in
{60}let tagFromNet: confirmation_tag = get_confirmed_tag(cmFromNet) in
{61}let ctLFromNet: kem_ct = get_lkem_ct(mFromNet) in
{62}let ctEFromNet: ekem_ct = get_ekem_ct(mFromNet) in
{63}let ctSFromNet: skem_ct = get_skem_ct(mFromNet) in
{64}event ReceiverLocalPrekeyUsed(B,A,receiverPrekeyB);
{65}let KL2: shared_secret = lkem_dec(kskB_1,ctLFromNet) in
{66}let KE2: shared_secret = ekem_dec(ekskB_1,ctEFromNet) in
{67}let KS2: shared_secret = skem_dec(receiverSkB_1,senderPkFromNet,ctSFromNet) in
{68}event AuthComponentAccepted(B,A,ctSFromNet,KS2);
{69}let sidBA: sid_t = sid_of(A,B,pkA,pkB,senderPrekeyFromNet,receiverPrekeyB,mFromNet) in
{70}let kRecv: session_key = kdf(KL2,KE2,KS2,sidBA) in
{71}event RecvComputed(B,A,sidBA,kRecv);
{72}let =confirm_tag(kRecv,sidBA) = tagFromNet in
{73}event AeadConfirmed(B,A,sidBA,kRecv);
{74}event ReceiverKey(B,A,sidBA,kRecv);
{75}event ProtectedData(B,A,sidBA,protectedPayload);
{76}out(c, senc(kRecv,protectedPayload));
{77}event RecvDone(B,A,sidBA,kRecv);
{78}event HonestRun(kRecv)

File "D:\kwaay-formal\logs\q1-analysis-model\generated\CONFIRMED_FIX.pv", line 134, character 7:
Warning: identifier A rebound.
File "D:\kwaay-formal\logs\q1-analysis-model\generated\CONFIRMED_FIX.pv", line 134, character 17:
Warning: identifier B rebound.
File "D:\kwaay-formal\logs\q1-analysis-model\generated\CONFIRMED_FIX.pv", line 138, character 7:
Warning: identifier A rebound.
File "D:\kwaay-formal\logs\q1-analysis-model\generated\CONFIRMED_FIX.pv", line 138, character 17:
Warning: identifier B rebound.
File "D:\kwaay-formal\logs\q1-analysis-model\generated\CONFIRMED_FIX.pv", line 140, character 7:
Warning: identifier A rebound.
File "D:\kwaay-formal\logs\q1-analysis-model\generated\CONFIRMED_FIX.pv", line 140, character 17:
Warning: identifier B rebound.
File "D:\kwaay-formal\logs\q1-analysis-model\generated\CONFIRMED_FIX.pv", line 143, character 7:
Warning: identifier A rebound.
File "D:\kwaay-formal\logs\q1-analysis-model\generated\CONFIRMED_FIX.pv", line 143, character 17:
Warning: identifier B rebound.
File "D:\kwaay-formal\logs\q1-analysis-model\generated\CONFIRMED_FIX.pv", line 145, character 7:
Warning: identifier A rebound.
File "D:\kwaay-formal\logs\q1-analysis-model\generated\CONFIRMED_FIX.pv", line 145, character 17:
Warning: identifier B rebound.
File "D:\kwaay-formal\logs\q1-analysis-model\generated\CONFIRMED_FIX.pv", line 147, character 7:
Warning: identifier A rebound.
File "D:\kwaay-formal\logs\q1-analysis-model\generated\CONFIRMED_FIX.pv", line 147, character 17:
Warning: identifier B rebound.
--  Process 1 (that is, process 0, with let moved downwards):
{1}new sskA: sig_sk;
{2}new kskA: kem_sk;
{3}new sskB: sig_sk;
{4}new kskB: kem_sk;
{5}new senderSkA: skem_sender_sk;
{6}new receiverSkB: skem_receiver_sk;
{7}new ekskB: ekem_sk;
{8}!
{10}let kskA_1: kem_sk = kskA in
{9}let sskA_1: sig_sk = sskA in
{16}let pkA: pk_tuple = pk(spk(sskA_1),kpk(kskA_1)) in
{18}out(c, pkA);
{12}let kskB_1: kem_sk = kskB in
{11}let sskB_1: sig_sk = sskB in
{17}let pkB: pk_tuple = pk(spk(sskB_1),kpk(kskB_1)) in
{19}out(c, pkB);
{13}let senderSkA_1: skem_sender_sk = senderSkA in
{20}let senderPkA: skem_sender_pk = pk_skem_sender(senderSkA_1) in
{21}let senderPayloadA: prekey_payload = payload_sender(senderPkA) in
{22}let senderPrekeyA: sender_prekey_bundle = sender_prekey(senderPkA,sign(sskA_1,senderPayloadA)) in
{23}out(c, senderPrekeyA);
{15}let ekskB_1: ekem_sk = ekskB in
{25}let receiverEpkB: ekem_pk = ekpk(ekskB_1) in
{14}let receiverSkB_1: skem_receiver_sk = receiverSkB in
{24}let receiverPkB: skem_receiver_pk = pk_skem_receiver(receiverSkB_1) in
{26}let receiverPayloadB: prekey_payload = payload_receiver(receiverPkB,receiverEpkB) in
{27}let receiverPrekeyB: receiver_prekey_bundle = receiver_prekey(receiverPkB,receiverEpkB,sign(sskB_1,receiverPayloadB)) in
{28}out(c, receiverPrekeyB);
{29}in(c, receiverPrekeyForSend: receiver_prekey_bundle);
{30}let receiverPkForSend: skem_receiver_pk = get_receiver_prekey_pk(receiverPrekeyForSend) in
{31}let receiverEpkForSend: ekem_pk = get_receiver_prekey_ekpk(receiverPrekeyForSend) in
{32}let receiverSigForSend: signature = get_receiver_prekey_sig(receiverPrekeyForSend) in
{33}let receiverPayloadForSend: prekey_payload = payload_receiver(receiverPkForSend,receiverEpkForSend) in
{34}let =true = verify(spk(sskB_1),receiverPayloadForSend,receiverSigForSend) in
{35}event ReceiverPrekeyVerified(A,B,receiverPrekeyForSend);
{36}in(c, senderPrekeyFromNet: sender_prekey_bundle);
{37}let senderPkFromNet: skem_sender_pk = get_sender_prekey_pk(senderPrekeyFromNet) in
{38}let senderSigFromNet: signature = get_sender_prekey_sig(senderPrekeyFromNet) in
{39}let senderPayloadFromNet: prekey_payload = payload_sender(senderPkFromNet) in
{40}let =true = verify(spk(sskA_1),senderPayloadFromNet,senderSigFromNet) in
{41}event SenderPrekeyVerified(B,A,senderPrekeyFromNet);
{42}new rL: randomness;
{43}new rE: randomness;
{44}new rS: randomness;
{50}let KS: shared_secret = skem_ss(senderSkA_1,receiverPkForSend,rS) in
{49}let ctS: skem_ct = skem_enc(senderSkA_1,receiverPkForSend,rS) in
{51}event AuthComponentSent(A,B,ctS,KS);
{47}let ctE: ekem_ct = ekem_enc(receiverEpkForSend,rE) in
{45}let ctL: kem_ct = lkem_enc(kpk(kskB_1),rL) in
{52}let m: message_tuple = msg(ctL,ctE,ctS) in
{53}let sidAB: sid_t = sid_of(A,B,pkA,pkB,senderPrekeyA,receiverPrekeyForSend,m) in
{48}let KE: shared_secret = ekem_ss(receiverEpkForSend,rE) in
{46}let KL: shared_secret = lkem_ss(kpk(kskB_1),rL) in
{54}let kSend: session_key = kdf(KL,KE,KS,sidAB) in
{55}event SenderKey(A,B,sidAB,kSend);
{56}event SendDone(A,B,sidAB,kSend);
{57}out(c, cmsg(m,confirm_tag(kSend,sidAB)));
{58}in(c, cmFromNet: confirmed_message_tuple);
{59}let mFromNet: message_tuple = get_confirmed_msg(cmFromNet) in
{60}let tagFromNet: confirmation_tag = get_confirmed_tag(cmFromNet) in
{61}let ctLFromNet: kem_ct = get_lkem_ct(mFromNet) in
{62}let ctEFromNet: ekem_ct = get_ekem_ct(mFromNet) in
{63}let ctSFromNet: skem_ct = get_skem_ct(mFromNet) in
{64}event ReceiverLocalPrekeyUsed(B,A,receiverPrekeyB);
{65}let KL2: shared_secret = lkem_dec(kskB_1,ctLFromNet) in
{66}let KE2: shared_secret = ekem_dec(ekskB_1,ctEFromNet) in
{67}let KS2: shared_secret = skem_dec(receiverSkB_1,senderPkFromNet,ctSFromNet) in
{68}event AuthComponentAccepted(B,A,ctSFromNet,KS2);
{69}let sidBA: sid_t = sid_of(A,B,pkA,pkB,senderPrekeyFromNet,receiverPrekeyB,mFromNet) in
{70}let kRecv: session_key = kdf(KL2,KE2,KS2,sidBA) in
{71}event RecvComputed(B,A,sidBA,kRecv);
{72}let =confirm_tag(kRecv,sidBA) = tagFromNet in
{73}event AeadConfirmed(B,A,sidBA,kRecv);
{74}event ReceiverKey(B,A,sidBA,kRecv);
{75}event ProtectedData(B,A,sidBA,protectedPayload);
{76}out(c, senc(kRecv,protectedPayload));
{77}event RecvDone(B,A,sidBA,kRecv);
{78}event HonestRun(kRecv)

-- Query not event(HonestRun(k)) in process 1.
Translating the process into Horn clauses...
Completing...
Starting query not event(HonestRun(k))
goal reachable: event(HonestRun(kdf(lkem_ss(kpk(kskB[]),rL_1),ekem_ss(ekpk(ekskB[]),rE_1),skem_ss(senderSkA[],pk_skem_receiver(receiverSkB[]),rS_1),sid_of(A[],B[],pk(spk(sskA[]),kpk(kskA[])),pk(spk(sskB[]),kpk(kskB[])),sender_prekey(pk_skem_sender(senderSkA[]),sign(sskA[],payload_sender(pk_skem_sender(senderSkA[])))),receiver_prekey(pk_skem_receiver(receiverSkB[]),ekpk(ekskB[]),sign(sskB[],payload_receiver(pk_skem_receiver(receiverSkB[]),ekpk(ekskB[])))),msg(lkem_enc(kpk(kskB[]),rL_1),ekem_enc(ekpk(ekskB[]),rE_1),skem_enc(senderSkA[],pk_skem_receiver(receiverSkB[]),rS_1))))))
Abbreviations:
rL_1 = rL[senderPrekeyFromNet = sender_prekey(pk_skem_sender(senderSkA[]),sign(sskA[],payload_sender(pk_skem_sender(senderSkA[])))),receiverPrekeyForSend = receiver_prekey(pk_skem_receiver(receiverSkB[]),ekpk(ekskB[]),sign(sskB[],payload_receiver(pk_skem_receiver(receiverSkB[]),ekpk(ekskB[])))),!1 = @sid]
rE_1 = rE[senderPrekeyFromNet = sender_prekey(pk_skem_sender(senderSkA[]),sign(sskA[],payload_sender(pk_skem_sender(senderSkA[])))),receiverPrekeyForSend = receiver_prekey(pk_skem_receiver(receiverSkB[]),ekpk(ekskB[]),sign(sskB[],payload_receiver(pk_skem_receiver(receiverSkB[]),ekpk(ekskB[])))),!1 = @sid]
rS_1 = rS[senderPrekeyFromNet = sender_prekey(pk_skem_sender(senderSkA[]),sign(sskA[],payload_sender(pk_skem_sender(senderSkA[])))),receiverPrekeyForSend = receiver_prekey(pk_skem_receiver(receiverSkB[]),ekpk(ekskB[]),sign(sskB[],payload_receiver(pk_skem_receiver(receiverSkB[]),ekpk(ekskB[])))),!1 = @sid]

Derivation:
Abbreviations:
rL_1 = rL[senderPrekeyFromNet = sender_prekey(pk_skem_sender(senderSkA[]),sign(sskA[],payload_sender(pk_skem_sender(senderSkA[])))),receiverPrekeyForSend = receiver_prekey(pk_skem_receiver(receiverSkB[]),ekpk(ekskB[]),sign(sskB[],payload_receiver(pk_skem_receiver(receiverSkB[]),ekpk(ekskB[])))),!1 = @sid]
rE_1 = rE[senderPrekeyFromNet = sender_prekey(pk_skem_sender(senderSkA[]),sign(sskA[],payload_sender(pk_skem_sender(senderSkA[])))),receiverPrekeyForSend = receiver_prekey(pk_skem_receiver(receiverSkB[]),ekpk(ekskB[]),sign(sskB[],payload_receiver(pk_skem_receiver(receiverSkB[]),ekpk(ekskB[])))),!1 = @sid]
rS_1 = rS[senderPrekeyFromNet = sender_prekey(pk_skem_sender(senderSkA[]),sign(sskA[],payload_sender(pk_skem_sender(senderSkA[])))),receiverPrekeyForSend = receiver_prekey(pk_skem_receiver(receiverSkB[]),ekpk(ekskB[]),sign(sskB[],payload_receiver(pk_skem_receiver(receiverSkB[]),ekpk(ekskB[])))),!1 = @sid]

1. The message receiver_prekey(pk_skem_receiver(receiverSkB[]),ekpk(ekskB[]),sign(sskB[],payload_receiver(pk_skem_receiver(receiverSkB[]),ekpk(ekskB[])))) may be sent to the attacker at output {28}.
attacker(receiver_prekey(pk_skem_receiver(receiverSkB[]),ekpk(ekskB[]),sign(sskB[],payload_receiver(pk_skem_receiver(receiverSkB[]),ekpk(ekskB[]))))).

2. The message sender_prekey(pk_skem_sender(senderSkA[]),sign(sskA[],payload_sender(pk_skem_sender(senderSkA[])))) may be sent to the attacker at output {23}.
attacker(sender_prekey(pk_skem_sender(senderSkA[]),sign(sskA[],payload_sender(pk_skem_sender(senderSkA[]))))).

3. The message receiver_prekey(pk_skem_receiver(receiverSkB[]),ekpk(ekskB[]),sign(sskB[],payload_receiver(pk_skem_receiver(receiverSkB[]),ekpk(ekskB[])))) that the attacker may have by 1 may be received at input {29}.
The message sender_prekey(pk_skem_sender(senderSkA[]),sign(sskA[],payload_sender(pk_skem_sender(senderSkA[])))) that the attacker may have by 2 may be received at input {36}.
So the message cmsg(msg(lkem_enc(kpk(kskB[]),rL_1),ekem_enc(ekpk(ekskB[]),rE_1),skem_enc(senderSkA[],pk_skem_receiver(receiverSkB[]),rS_1)),confirm_tag(kdf(lkem_ss(kpk(kskB[]),rL_1),ekem_ss(ekpk(ekskB[]),rE_1),skem_ss(senderSkA[],pk_skem_receiver(receiverSkB[]),rS_1),sid_of(A[],B[],pk(spk(sskA[]),kpk(kskA[])),pk(spk(sskB[]),kpk(kskB[])),sender_prekey(pk_skem_sender(senderSkA[]),sign(sskA[],payload_sender(pk_skem_sender(senderSkA[])))),receiver_prekey(pk_skem_receiver(receiverSkB[]),ekpk(ekskB[]),sign(sskB[],payload_receiver(pk_skem_receiver(receiverSkB[]),ekpk(ekskB[])))),msg(lkem_enc(kpk(kskB[]),rL_1),ekem_enc(ekpk(ekskB[]),rE_1),skem_enc(senderSkA[],pk_skem_receiver(receiverSkB[]),rS_1)))),sid_of(A[],B[],pk(spk(sskA[]),kpk(kskA[])),pk(spk(sskB[]),kpk(kskB[])),sender_prekey(pk_skem_sender(senderSkA[]),sign(sskA[],payload_sender(pk_skem_sender(senderSkA[])))),receiver_prekey(pk_skem_receiver(receiverSkB[]),ekpk(ekskB[]),sign(sskB[],payload_receiver(pk_skem_receiver(receiverSkB[]),ekpk(ekskB[])))),msg(lkem_enc(kpk(kskB[]),rL_1),ekem_enc(ekpk(ekskB[]),rE_1),skem_enc(senderSkA[],pk_skem_receiver(receiverSkB[]),rS_1))))) may be sent to the attacker at output {57}.
attacker(cmsg(msg(lkem_enc(kpk(kskB[]),rL_1),ekem_enc(ekpk(ekskB[]),rE_1),skem_enc(senderSkA[],pk_skem_receiver(receiverSkB[]),rS_1)),confirm_tag(kdf(lkem_ss(kpk(kskB[]),rL_1),ekem_ss(ekpk(ekskB[]),rE_1),skem_ss(senderSkA[],pk_skem_receiver(receiverSkB[]),rS_1),sid_of(A[],B[],pk(spk(sskA[]),kpk(kskA[])),pk(spk(sskB[]),kpk(kskB[])),sender_prekey(pk_skem_sender(senderSkA[]),sign(sskA[],payload_sender(pk_skem_sender(senderSkA[])))),receiver_prekey(pk_skem_receiver(receiverSkB[]),ekpk(ekskB[]),sign(sskB[],payload_receiver(pk_skem_receiver(receiverSkB[]),ekpk(ekskB[])))),msg(lkem_enc(kpk(kskB[]),rL_1),ekem_enc(ekpk(ekskB[]),rE_1),skem_enc(senderSkA[],pk_skem_receiver(receiverSkB[]),rS_1)))),sid_of(A[],B[],pk(spk(sskA[]),kpk(kskA[])),pk(spk(sskB[]),kpk(kskB[])),sender_prekey(pk_skem_sender(senderSkA[]),sign(sskA[],payload_sender(pk_skem_sender(senderSkA[])))),receiver_prekey(pk_skem_receiver(receiverSkB[]),ekpk(ekskB[]),sign(sskB[],payload_receiver(pk_skem_receiver(receiverSkB[]),ekpk(ekskB[])))),msg(lkem_enc(kpk(kskB[]),rL_1),ekem_enc(ekpk(ekskB[]),rE_1),skem_enc(senderSkA[],pk_skem_receiver(receiverSkB[]),rS_1)))))).

4. The message receiver_prekey(pk_skem_receiver(receiverSkB[]),ekpk(ekskB[]),sign(sskB[],payload_receiver(pk_skem_receiver(receiverSkB[]),ekpk(ekskB[])))) that the attacker may have by 1 may be received at input {29}.
The message sender_prekey(pk_skem_sender(senderSkA[]),sign(sskA[],payload_sender(pk_skem_sender(senderSkA[])))) that the attacker may have by 2 may be received at input {36}.
The message cmsg(msg(lkem_enc(kpk(kskB[]),rL_1),ekem_enc(ekpk(ekskB[]),rE_1),skem_enc(senderSkA[],pk_skem_receiver(receiverSkB[]),rS_1)),confirm_tag(kdf(lkem_ss(kpk(kskB[]),rL_1),ekem_ss(ekpk(ekskB[]),rE_1),skem_ss(senderSkA[],pk_skem_receiver(receiverSkB[]),rS_1),sid_of(A[],B[],pk(spk(sskA[]),kpk(kskA[])),pk(spk(sskB[]),kpk(kskB[])),sender_prekey(pk_skem_sender(senderSkA[]),sign(sskA[],payload_sender(pk_skem_sender(senderSkA[])))),receiver_prekey(pk_skem_receiver(receiverSkB[]),ekpk(ekskB[]),sign(sskB[],payload_receiver(pk_skem_receiver(receiverSkB[]),ekpk(ekskB[])))),msg(lkem_enc(kpk(kskB[]),rL_1),ekem_enc(ekpk(ekskB[]),rE_1),skem_enc(senderSkA[],pk_skem_receiver(receiverSkB[]),rS_1)))),sid_of(A[],B[],pk(spk(sskA[]),kpk(kskA[])),pk(spk(sskB[]),kpk(kskB[])),sender_prekey(pk_skem_sender(senderSkA[]),sign(sskA[],payload_sender(pk_skem_sender(senderSkA[])))),receiver_prekey(pk_skem_receiver(receiverSkB[]),ekpk(ekskB[]),sign(sskB[],payload_receiver(pk_skem_receiver(receiverSkB[]),ekpk(ekskB[])))),msg(lkem_enc(kpk(kskB[]),rL_1),ekem_enc(ekpk(ekskB[]),rE_1),skem_enc(senderSkA[],pk_skem_receiver(receiverSkB[]),rS_1))))) that the attacker may have by 3 may be received at input {58}.
So event HonestRun(kdf(lkem_ss(kpk(kskB[]),rL_1),ekem_ss(ekpk(ekskB[]),rE_1),skem_ss(senderSkA[],pk_skem_receiver(receiverSkB[]),rS_1),sid_of(A[],B[],pk(spk(sskA[]),kpk(kskA[])),pk(spk(sskB[]),kpk(kskB[])),sender_prekey(pk_skem_sender(senderSkA[]),sign(sskA[],payload_sender(pk_skem_sender(senderSkA[])))),receiver_prekey(pk_skem_receiver(receiverSkB[]),ekpk(ekskB[]),sign(sskB[],payload_receiver(pk_skem_receiver(receiverSkB[]),ekpk(ekskB[])))),msg(lkem_enc(kpk(kskB[]),rL_1),ekem_enc(ekpk(ekskB[]),rE_1),skem_enc(senderSkA[],pk_skem_receiver(receiverSkB[]),rS_1))))) may be executed at {78}.
event(HonestRun(kdf(lkem_ss(kpk(kskB[]),rL_1),ekem_ss(ekpk(ekskB[]),rE_1),skem_ss(senderSkA[],pk_skem_receiver(receiverSkB[]),rS_1),sid_of(A[],B[],pk(spk(sskA[]),kpk(kskA[])),pk(spk(sskB[]),kpk(kskB[])),sender_prekey(pk_skem_sender(senderSkA[]),sign(sskA[],payload_sender(pk_skem_sender(senderSkA[])))),receiver_prekey(pk_skem_receiver(receiverSkB[]),ekpk(ekskB[]),sign(sskB[],payload_receiver(pk_skem_receiver(receiverSkB[]),ekpk(ekskB[])))),msg(lkem_enc(kpk(kskB[]),rL_1),ekem_enc(ekpk(ekskB[]),rE_1),skem_enc(senderSkA[],pk_skem_receiver(receiverSkB[]),rS_1)))))).

5. By 4, event(HonestRun(kdf(lkem_ss(kpk(kskB[]),rL_1),ekem_ss(ekpk(ekskB[]),rE_1),skem_ss(senderSkA[],pk_skem_receiver(receiverSkB[]),rS_1),sid_of(A[],B[],pk(spk(sskA[]),kpk(kskA[])),pk(spk(sskB[]),kpk(kskB[])),sender_prekey(pk_skem_sender(senderSkA[]),sign(sskA[],payload_sender(pk_skem_sender(senderSkA[])))),receiver_prekey(pk_skem_receiver(receiverSkB[]),ekpk(ekskB[]),sign(sskB[],payload_receiver(pk_skem_receiver(receiverSkB[]),ekpk(ekskB[])))),msg(lkem_enc(kpk(kskB[]),rL_1),ekem_enc(ekpk(ekskB[]),rE_1),skem_enc(senderSkA[],pk_skem_receiver(receiverSkB[]),rS_1)))))).
The goal is reached, represented in the following fact:
event(HonestRun(kdf(lkem_ss(kpk(kskB[]),rL_1),ekem_ss(ekpk(ekskB[]),rE_1),skem_ss(senderSkA[],pk_skem_receiver(receiverSkB[]),rS_1),sid_of(A[],B[],pk(spk(sskA[]),kpk(kskA[])),pk(spk(sskB[]),kpk(kskB[])),sender_prekey(pk_skem_sender(senderSkA[]),sign(sskA[],payload_sender(pk_skem_sender(senderSkA[])))),receiver_prekey(pk_skem_receiver(receiverSkB[]),ekpk(ekskB[]),sign(sskB[],payload_receiver(pk_skem_receiver(receiverSkB[]),ekpk(ekskB[])))),msg(lkem_enc(kpk(kskB[]),rL_1),ekem_enc(ekpk(ekskB[]),rE_1),skem_enc(senderSkA[],pk_skem_receiver(receiverSkB[]),rS_1)))))).


A more detailed output of the traces is available with
  set traceDisplay = long.

new sskA: sig_sk creating sskA_2 at {1}

new kskA: kem_sk creating kskA_2 at {2}

new sskB: sig_sk creating sskB_2 at {3}

new kskB: kem_sk creating kskB_2 at {4}

new senderSkA: skem_sender_sk creating senderSkA_2 at {5}

new receiverSkB: skem_receiver_sk creating receiverSkB_2 at {6}

new ekskB: ekem_sk creating ekskB_2 at {7}

out(c, ~M) with ~M = pk(spk(sskA_2),kpk(kskA_2)) at {18} in copy a

out(c, ~M_1) with ~M_1 = pk(spk(sskB_2),kpk(kskB_2)) at {19} in copy a

out(c, ~M_2) with ~M_2 = sender_prekey(pk_skem_sender(senderSkA_2),sign(sskA_2,payload_sender(pk_skem_sender(senderSkA_2)))) at {23} in copy a

out(c, ~M_3) with ~M_3 = receiver_prekey(pk_skem_receiver(receiverSkB_2),ekpk(ekskB_2),sign(sskB_2,payload_receiver(pk_skem_receiver(receiverSkB_2),ekpk(ekskB_2)))) at {28} in copy a

out(c, ~M_4) with ~M_4 = pk(spk(sskA_2),kpk(kskA_2)) at {18} in copy a_1

out(c, ~M_5) with ~M_5 = pk(spk(sskB_2),kpk(kskB_2)) at {19} in copy a_1

out(c, ~M_6) with ~M_6 = sender_prekey(pk_skem_sender(senderSkA_2),sign(sskA_2,payload_sender(pk_skem_sender(senderSkA_2)))) at {23} in copy a_1

out(c, ~M_7) with ~M_7 = receiver_prekey(pk_skem_receiver(receiverSkB_2),ekpk(ekskB_2),sign(sskB_2,payload_receiver(pk_skem_receiver(receiverSkB_2),ekpk(ekskB_2)))) at {28} in copy a_1

out(c, ~M_8) with ~M_8 = pk(spk(sskA_2),kpk(kskA_2)) at {18} in copy a_2

out(c, ~M_9) with ~M_9 = pk(spk(sskB_2),kpk(kskB_2)) at {19} in copy a_2

out(c, ~M_10) with ~M_10 = sender_prekey(pk_skem_sender(senderSkA_2),sign(sskA_2,payload_sender(pk_skem_sender(senderSkA_2)))) at {23} in copy a_2

out(c, ~M_11) with ~M_11 = receiver_prekey(pk_skem_receiver(receiverSkB_2),ekpk(ekskB_2),sign(sskB_2,payload_receiver(pk_skem_receiver(receiverSkB_2),ekpk(ekskB_2)))) at {28} in copy a_2

out(c, ~M_12) with ~M_12 = pk(spk(sskA_2),kpk(kskA_2)) at {18} in copy a_3

out(c, ~M_13) with ~M_13 = pk(spk(sskB_2),kpk(kskB_2)) at {19} in copy a_3

out(c, ~M_14) with ~M_14 = sender_prekey(pk_skem_sender(senderSkA_2),sign(sskA_2,payload_sender(pk_skem_sender(senderSkA_2)))) at {23} in copy a_3

out(c, ~M_15) with ~M_15 = receiver_prekey(pk_skem_receiver(receiverSkB_2),ekpk(ekskB_2),sign(sskB_2,payload_receiver(pk_skem_receiver(receiverSkB_2),ekpk(ekskB_2)))) at {28} in copy a_3

in(c, ~M_3) with ~M_3 = receiver_prekey(pk_skem_receiver(receiverSkB_2),ekpk(ekskB_2),sign(sskB_2,payload_receiver(pk_skem_receiver(receiverSkB_2),ekpk(ekskB_2)))) at {29} in copy a_3

event ReceiverPrekeyVerified(A,B,receiver_prekey(pk_skem_receiver(receiverSkB_2),ekpk(ekskB_2),sign(sskB_2,payload_receiver(pk_skem_receiver(receiverSkB_2),ekpk(ekskB_2))))) at {35} in copy a_3

in(c, ~M_2) with ~M_2 = sender_prekey(pk_skem_sender(senderSkA_2),sign(sskA_2,payload_sender(pk_skem_sender(senderSkA_2)))) at {36} in copy a_3

event SenderPrekeyVerified(B,A,sender_prekey(pk_skem_sender(senderSkA_2),sign(sskA_2,payload_sender(pk_skem_sender(senderSkA_2))))) at {41} in copy a_3

new rL: randomness creating rL_2 at {42} in copy a_3

new rE: randomness creating rE_2 at {43} in copy a_3

new rS: randomness creating rS_2 at {44} in copy a_3

event AuthComponentSent(A,B,skem_enc(senderSkA_2,pk_skem_receiver(receiverSkB_2),rS_2),skem_ss(senderSkA_2,pk_skem_receiver(receiverSkB_2),rS_2)) at {51} in copy a_3

event SenderKey(A,B,sid_of(A,B,pk(spk(sskA_2),kpk(kskA_2)),pk(spk(sskB_2),kpk(kskB_2)),sender_prekey(pk_skem_sender(senderSkA_2),sign(sskA_2,payload_sender(pk_skem_sender(senderSkA_2)))),receiver_prekey(pk_skem_receiver(receiverSkB_2),ekpk(ekskB_2),sign(sskB_2,payload_receiver(pk_skem_receiver(receiverSkB_2),ekpk(ekskB_2)))),msg(lkem_enc(kpk(kskB_2),rL_2),ekem_enc(ekpk(ekskB_2),rE_2),skem_enc(senderSkA_2,pk_skem_receiver(receiverSkB_2),rS_2))),kdf(lkem_ss(kpk(kskB_2),rL_2),ekem_ss(ekpk(ekskB_2),rE_2),skem_ss(senderSkA_2,pk_skem_receiver(receiverSkB_2),rS_2),sid_of(A,B,pk(spk(sskA_2),kpk(kskA_2)),pk(spk(sskB_2),kpk(kskB_2)),sender_prekey(pk_skem_sender(senderSkA_2),sign(sskA_2,payload_sender(pk_skem_sender(senderSkA_2)))),receiver_prekey(pk_skem_receiver(receiverSkB_2),ekpk(ekskB_2),sign(sskB_2,payload_receiver(pk_skem_receiver(receiverSkB_2),ekpk(ekskB_2)))),msg(lkem_enc(kpk(kskB_2),rL_2),ekem_enc(ekpk(ekskB_2),rE_2),skem_enc(senderSkA_2,pk_skem_receiver(receiverSkB_2),rS_2))))) at {55} in copy a_3

event SendDone(A,B,sid_of(A,B,pk(spk(sskA_2),kpk(kskA_2)),pk(spk(sskB_2),kpk(kskB_2)),sender_prekey(pk_skem_sender(senderSkA_2),sign(sskA_2,payload_sender(pk_skem_sender(senderSkA_2)))),receiver_prekey(pk_skem_receiver(receiverSkB_2),ekpk(ekskB_2),sign(sskB_2,payload_receiver(pk_skem_receiver(receiverSkB_2),ekpk(ekskB_2)))),msg(lkem_enc(kpk(kskB_2),rL_2),ekem_enc(ekpk(ekskB_2),rE_2),skem_enc(senderSkA_2,pk_skem_receiver(receiverSkB_2),rS_2))),kdf(lkem_ss(kpk(kskB_2),rL_2),ekem_ss(ekpk(ekskB_2),rE_2),skem_ss(senderSkA_2,pk_skem_receiver(receiverSkB_2),rS_2),sid_of(A,B,pk(spk(sskA_2),kpk(kskA_2)),pk(spk(sskB_2),kpk(kskB_2)),sender_prekey(pk_skem_sender(senderSkA_2),sign(sskA_2,payload_sender(pk_skem_sender(senderSkA_2)))),receiver_prekey(pk_skem_receiver(receiverSkB_2),ekpk(ekskB_2),sign(sskB_2,payload_receiver(pk_skem_receiver(receiverSkB_2),ekpk(ekskB_2)))),msg(lkem_enc(kpk(kskB_2),rL_2),ekem_enc(ekpk(ekskB_2),rE_2),skem_enc(senderSkA_2,pk_skem_receiver(receiverSkB_2),rS_2))))) at {56} in copy a_3

out(c, ~M_16) with ~M_16 = cmsg(msg(lkem_enc(kpk(kskB_2),rL_2),ekem_enc(ekpk(ekskB_2),rE_2),skem_enc(senderSkA_2,pk_skem_receiver(receiverSkB_2),rS_2)),confirm_tag(kdf(lkem_ss(kpk(kskB_2),rL_2),ekem_ss(ekpk(ekskB_2),rE_2),skem_ss(senderSkA_2,pk_skem_receiver(receiverSkB_2),rS_2),sid_of(A,B,pk(spk(sskA_2),kpk(kskA_2)),pk(spk(sskB_2),kpk(kskB_2)),sender_prekey(pk_skem_sender(senderSkA_2),sign(sskA_2,payload_sender(pk_skem_sender(senderSkA_2)))),receiver_prekey(pk_skem_receiver(receiverSkB_2),ekpk(ekskB_2),sign(sskB_2,payload_receiver(pk_skem_receiver(receiverSkB_2),ekpk(ekskB_2)))),msg(lkem_enc(kpk(kskB_2),rL_2),ekem_enc(ekpk(ekskB_2),rE_2),skem_enc(senderSkA_2,pk_skem_receiver(receiverSkB_2),rS_2)))),sid_of(A,B,pk(spk(sskA_2),kpk(kskA_2)),pk(spk(sskB_2),kpk(kskB_2)),sender_prekey(pk_skem_sender(senderSkA_2),sign(sskA_2,payload_sender(pk_skem_sender(senderSkA_2)))),receiver_prekey(pk_skem_receiver(receiverSkB_2),ekpk(ekskB_2),sign(sskB_2,payload_receiver(pk_skem_receiver(receiverSkB_2),ekpk(ekskB_2)))),msg(lkem_enc(kpk(kskB_2),rL_2),ekem_enc(ekpk(ekskB_2),rE_2),skem_enc(senderSkA_2,pk_skem_receiver(receiverSkB_2),rS_2))))) at {57} in copy a_3

in(c, ~M_3) with ~M_3 = receiver_prekey(pk_skem_receiver(receiverSkB_2),ekpk(ekskB_2),sign(sskB_2,payload_receiver(pk_skem_receiver(receiverSkB_2),ekpk(ekskB_2)))) at {29} in copy a

event ReceiverPrekeyVerified(A,B,receiver_prekey(pk_skem_receiver(receiverSkB_2),ekpk(ekskB_2),sign(sskB_2,payload_receiver(pk_skem_receiver(receiverSkB_2),ekpk(ekskB_2))))) at {35} in copy a

in(c, ~M_2) with ~M_2 = sender_prekey(pk_skem_sender(senderSkA_2),sign(sskA_2,payload_sender(pk_skem_sender(senderSkA_2)))) at {36} in copy a

event SenderPrekeyVerified(B,A,sender_prekey(pk_skem_sender(senderSkA_2),sign(sskA_2,payload_sender(pk_skem_sender(senderSkA_2))))) at {41} in copy a

new rL: randomness creating rL_3 at {42} in copy a

new rE: randomness creating rE_3 at {43} in copy a

new rS: randomness creating rS_3 at {44} in copy a

event AuthComponentSent(A,B,skem_enc(senderSkA_2,pk_skem_receiver(receiverSkB_2),rS_3),skem_ss(senderSkA_2,pk_skem_receiver(receiverSkB_2),rS_3)) at {51} in copy a

event SenderKey(A,B,sid_of(A,B,pk(spk(sskA_2),kpk(kskA_2)),pk(spk(sskB_2),kpk(kskB_2)),sender_prekey(pk_skem_sender(senderSkA_2),sign(sskA_2,payload_sender(pk_skem_sender(senderSkA_2)))),receiver_prekey(pk_skem_receiver(receiverSkB_2),ekpk(ekskB_2),sign(sskB_2,payload_receiver(pk_skem_receiver(receiverSkB_2),ekpk(ekskB_2)))),msg(lkem_enc(kpk(kskB_2),rL_3),ekem_enc(ekpk(ekskB_2),rE_3),skem_enc(senderSkA_2,pk_skem_receiver(receiverSkB_2),rS_3))),kdf(lkem_ss(kpk(kskB_2),rL_3),ekem_ss(ekpk(ekskB_2),rE_3),skem_ss(senderSkA_2,pk_skem_receiver(receiverSkB_2),rS_3),sid_of(A,B,pk(spk(sskA_2),kpk(kskA_2)),pk(spk(sskB_2),kpk(kskB_2)),sender_prekey(pk_skem_sender(senderSkA_2),sign(sskA_2,payload_sender(pk_skem_sender(senderSkA_2)))),receiver_prekey(pk_skem_receiver(receiverSkB_2),ekpk(ekskB_2),sign(sskB_2,payload_receiver(pk_skem_receiver(receiverSkB_2),ekpk(ekskB_2)))),msg(lkem_enc(kpk(kskB_2),rL_3),ekem_enc(ekpk(ekskB_2),rE_3),skem_enc(senderSkA_2,pk_skem_receiver(receiverSkB_2),rS_3))))) at {55} in copy a

event SendDone(A,B,sid_of(A,B,pk(spk(sskA_2),kpk(kskA_2)),pk(spk(sskB_2),kpk(kskB_2)),sender_prekey(pk_skem_sender(senderSkA_2),sign(sskA_2,payload_sender(pk_skem_sender(senderSkA_2)))),receiver_prekey(pk_skem_receiver(receiverSkB_2),ekpk(ekskB_2),sign(sskB_2,payload_receiver(pk_skem_receiver(receiverSkB_2),ekpk(ekskB_2)))),msg(lkem_enc(kpk(kskB_2),rL_3),ekem_enc(ekpk(ekskB_2),rE_3),skem_enc(senderSkA_2,pk_skem_receiver(receiverSkB_2),rS_3))),kdf(lkem_ss(kpk(kskB_2),rL_3),ekem_ss(ekpk(ekskB_2),rE_3),skem_ss(senderSkA_2,pk_skem_receiver(receiverSkB_2),rS_3),sid_of(A,B,pk(spk(sskA_2),kpk(kskA_2)),pk(spk(sskB_2),kpk(kskB_2)),sender_prekey(pk_skem_sender(senderSkA_2),sign(sskA_2,payload_sender(pk_skem_sender(senderSkA_2)))),receiver_prekey(pk_skem_receiver(receiverSkB_2),ekpk(ekskB_2),sign(sskB_2,payload_receiver(pk_skem_receiver(receiverSkB_2),ekpk(ekskB_2)))),msg(lkem_enc(kpk(kskB_2),rL_3),ekem_enc(ekpk(ekskB_2),rE_3),skem_enc(senderSkA_2,pk_skem_receiver(receiverSkB_2),rS_3))))) at {56} in copy a

out(c, ~M_17) with ~M_17 = cmsg(msg(lkem_enc(kpk(kskB_2),rL_3),ekem_enc(ekpk(ekskB_2),rE_3),skem_enc(senderSkA_2,pk_skem_receiver(receiverSkB_2),rS_3)),confirm_tag(kdf(lkem_ss(kpk(kskB_2),rL_3),ekem_ss(ekpk(ekskB_2),rE_3),skem_ss(senderSkA_2,pk_skem_receiver(receiverSkB_2),rS_3),sid_of(A,B,pk(spk(sskA_2),kpk(kskA_2)),pk(spk(sskB_2),kpk(kskB_2)),sender_prekey(pk_skem_sender(senderSkA_2),sign(sskA_2,payload_sender(pk_skem_sender(senderSkA_2)))),receiver_prekey(pk_skem_receiver(receiverSkB_2),ekpk(ekskB_2),sign(sskB_2,payload_receiver(pk_skem_receiver(receiverSkB_2),ekpk(ekskB_2)))),msg(lkem_enc(kpk(kskB_2),rL_3),ekem_enc(ekpk(ekskB_2),rE_3),skem_enc(senderSkA_2,pk_skem_receiver(receiverSkB_2),rS_3)))),sid_of(A,B,pk(spk(sskA_2),kpk(kskA_2)),pk(spk(sskB_2),kpk(kskB_2)),sender_prekey(pk_skem_sender(senderSkA_2),sign(sskA_2,payload_sender(pk_skem_sender(senderSkA_2)))),receiver_prekey(pk_skem_receiver(receiverSkB_2),ekpk(ekskB_2),sign(sskB_2,payload_receiver(pk_skem_receiver(receiverSkB_2),ekpk(ekskB_2)))),msg(lkem_enc(kpk(kskB_2),rL_3),ekem_enc(ekpk(ekskB_2),rE_3),skem_enc(senderSkA_2,pk_skem_receiver(receiverSkB_2),rS_3))))) at {57} in copy a

in(c, ~M_16) with ~M_16 = cmsg(msg(lkem_enc(kpk(kskB_2),rL_2),ekem_enc(ekpk(ekskB_2),rE_2),skem_enc(senderSkA_2,pk_skem_receiver(receiverSkB_2),rS_2)),confirm_tag(kdf(lkem_ss(kpk(kskB_2),rL_2),ekem_ss(ekpk(ekskB_2),rE_2),skem_ss(senderSkA_2,pk_skem_receiver(receiverSkB_2),rS_2),sid_of(A,B,pk(spk(sskA_2),kpk(kskA_2)),pk(spk(sskB_2),kpk(kskB_2)),sender_prekey(pk_skem_sender(senderSkA_2),sign(sskA_2,payload_sender(pk_skem_sender(senderSkA_2)))),receiver_prekey(pk_skem_receiver(receiverSkB_2),ekpk(ekskB_2),sign(sskB_2,payload_receiver(pk_skem_receiver(receiverSkB_2),ekpk(ekskB_2)))),msg(lkem_enc(kpk(kskB_2),rL_2),ekem_enc(ekpk(ekskB_2),rE_2),skem_enc(senderSkA_2,pk_skem_receiver(receiverSkB_2),rS_2)))),sid_of(A,B,pk(spk(sskA_2),kpk(kskA_2)),pk(spk(sskB_2),kpk(kskB_2)),sender_prekey(pk_skem_sender(senderSkA_2),sign(sskA_2,payload_sender(pk_skem_sender(senderSkA_2)))),receiver_prekey(pk_skem_receiver(receiverSkB_2),ekpk(ekskB_2),sign(sskB_2,payload_receiver(pk_skem_receiver(receiverSkB_2),ekpk(ekskB_2)))),msg(lkem_enc(kpk(kskB_2),rL_2),ekem_enc(ekpk(ekskB_2),rE_2),skem_enc(senderSkA_2,pk_skem_receiver(receiverSkB_2),rS_2))))) at {58} in copy a

event ReceiverLocalPrekeyUsed(B,A,receiver_prekey(pk_skem_receiver(receiverSkB_2),ekpk(ekskB_2),sign(sskB_2,payload_receiver(pk_skem_receiver(receiverSkB_2),ekpk(ekskB_2))))) at {64} in copy a

event AuthComponentAccepted(B,A,skem_enc(senderSkA_2,pk_skem_receiver(receiverSkB_2),rS_2),skem_ss(senderSkA_2,pk_skem_receiver(receiverSkB_2),rS_2)) at {68} in copy a

event RecvComputed(B,A,sid_of(A,B,pk(spk(sskA_2),kpk(kskA_2)),pk(spk(sskB_2),kpk(kskB_2)),sender_prekey(pk_skem_sender(senderSkA_2),sign(sskA_2,payload_sender(pk_skem_sender(senderSkA_2)))),receiver_prekey(pk_skem_receiver(receiverSkB_2),ekpk(ekskB_2),sign(sskB_2,payload_receiver(pk_skem_receiver(receiverSkB_2),ekpk(ekskB_2)))),msg(lkem_enc(kpk(kskB_2),rL_2),ekem_enc(ekpk(ekskB_2),rE_2),skem_enc(senderSkA_2,pk_skem_receiver(receiverSkB_2),rS_2))),kdf(lkem_ss(kpk(kskB_2),rL_2),ekem_ss(ekpk(ekskB_2),rE_2),skem_ss(senderSkA_2,pk_skem_receiver(receiverSkB_2),rS_2),sid_of(A,B,pk(spk(sskA_2),kpk(kskA_2)),pk(spk(sskB_2),kpk(kskB_2)),sender_prekey(pk_skem_sender(senderSkA_2),sign(sskA_2,payload_sender(pk_skem_sender(senderSkA_2)))),receiver_prekey(pk_skem_receiver(receiverSkB_2),ekpk(ekskB_2),sign(sskB_2,payload_receiver(pk_skem_receiver(receiverSkB_2),ekpk(ekskB_2)))),msg(lkem_enc(kpk(kskB_2),rL_2),ekem_enc(ekpk(ekskB_2),rE_2),skem_enc(senderSkA_2,pk_skem_receiver(receiverSkB_2),rS_2))))) at {71} in copy a

event AeadConfirmed(B,A,sid_of(A,B,pk(spk(sskA_2),kpk(kskA_2)),pk(spk(sskB_2),kpk(kskB_2)),sender_prekey(pk_skem_sender(senderSkA_2),sign(sskA_2,payload_sender(pk_skem_sender(senderSkA_2)))),receiver_prekey(pk_skem_receiver(receiverSkB_2),ekpk(ekskB_2),sign(sskB_2,payload_receiver(pk_skem_receiver(receiverSkB_2),ekpk(ekskB_2)))),msg(lkem_enc(kpk(kskB_2),rL_2),ekem_enc(ekpk(ekskB_2),rE_2),skem_enc(senderSkA_2,pk_skem_receiver(receiverSkB_2),rS_2))),kdf(lkem_ss(kpk(kskB_2),rL_2),ekem_ss(ekpk(ekskB_2),rE_2),skem_ss(senderSkA_2,pk_skem_receiver(receiverSkB_2),rS_2),sid_of(A,B,pk(spk(sskA_2),kpk(kskA_2)),pk(spk(sskB_2),kpk(kskB_2)),sender_prekey(pk_skem_sender(senderSkA_2),sign(sskA_2,payload_sender(pk_skem_sender(senderSkA_2)))),receiver_prekey(pk_skem_receiver(receiverSkB_2),ekpk(ekskB_2),sign(sskB_2,payload_receiver(pk_skem_receiver(receiverSkB_2),ekpk(ekskB_2)))),msg(lkem_enc(kpk(kskB_2),rL_2),ekem_enc(ekpk(ekskB_2),rE_2),skem_enc(senderSkA_2,pk_skem_receiver(receiverSkB_2),rS_2))))) at {73} in copy a

event ReceiverKey(B,A,sid_of(A,B,pk(spk(sskA_2),kpk(kskA_2)),pk(spk(sskB_2),kpk(kskB_2)),sender_prekey(pk_skem_sender(senderSkA_2),sign(sskA_2,payload_sender(pk_skem_sender(senderSkA_2)))),receiver_prekey(pk_skem_receiver(receiverSkB_2),ekpk(ekskB_2),sign(sskB_2,payload_receiver(pk_skem_receiver(receiverSkB_2),ekpk(ekskB_2)))),msg(lkem_enc(kpk(kskB_2),rL_2),ekem_enc(ekpk(ekskB_2),rE_2),skem_enc(senderSkA_2,pk_skem_receiver(receiverSkB_2),rS_2))),kdf(lkem_ss(kpk(kskB_2),rL_2),ekem_ss(ekpk(ekskB_2),rE_2),skem_ss(senderSkA_2,pk_skem_receiver(receiverSkB_2),rS_2),sid_of(A,B,pk(spk(sskA_2),kpk(kskA_2)),pk(spk(sskB_2),kpk(kskB_2)),sender_prekey(pk_skem_sender(senderSkA_2),sign(sskA_2,payload_sender(pk_skem_sender(senderSkA_2)))),receiver_prekey(pk_skem_receiver(receiverSkB_2),ekpk(ekskB_2),sign(sskB_2,payload_receiver(pk_skem_receiver(receiverSkB_2),ekpk(ekskB_2)))),msg(lkem_enc(kpk(kskB_2),rL_2),ekem_enc(ekpk(ekskB_2),rE_2),skem_enc(senderSkA_2,pk_skem_receiver(receiverSkB_2),rS_2))))) at {74} in copy a

event ProtectedData(B,A,sid_of(A,B,pk(spk(sskA_2),kpk(kskA_2)),pk(spk(sskB_2),kpk(kskB_2)),sender_prekey(pk_skem_sender(senderSkA_2),sign(sskA_2,payload_sender(pk_skem_sender(senderSkA_2)))),receiver_prekey(pk_skem_receiver(receiverSkB_2),ekpk(ekskB_2),sign(sskB_2,payload_receiver(pk_skem_receiver(receiverSkB_2),ekpk(ekskB_2)))),msg(lkem_enc(kpk(kskB_2),rL_2),ekem_enc(ekpk(ekskB_2),rE_2),skem_enc(senderSkA_2,pk_skem_receiver(receiverSkB_2),rS_2))),protectedPayload) at {75} in copy a

out(c, ~M_18) with ~M_18 = senc(kdf(lkem_ss(kpk(kskB_2),rL_2),ekem_ss(ekpk(ekskB_2),rE_2),skem_ss(senderSkA_2,pk_skem_receiver(receiverSkB_2),rS_2),sid_of(A,B,pk(spk(sskA_2),kpk(kskA_2)),pk(spk(sskB_2),kpk(kskB_2)),sender_prekey(pk_skem_sender(senderSkA_2),sign(sskA_2,payload_sender(pk_skem_sender(senderSkA_2)))),receiver_prekey(pk_skem_receiver(receiverSkB_2),ekpk(ekskB_2),sign(sskB_2,payload_receiver(pk_skem_receiver(receiverSkB_2),ekpk(ekskB_2)))),msg(lkem_enc(kpk(kskB_2),rL_2),ekem_enc(ekpk(ekskB_2),rE_2),skem_enc(senderSkA_2,pk_skem_receiver(receiverSkB_2),rS_2)))),protectedPayload) at {76} in copy a

event RecvDone(B,A,sid_of(A,B,pk(spk(sskA_2),kpk(kskA_2)),pk(spk(sskB_2),kpk(kskB_2)),sender_prekey(pk_skem_sender(senderSkA_2),sign(sskA_2,payload_sender(pk_skem_sender(senderSkA_2)))),receiver_prekey(pk_skem_receiver(receiverSkB_2),ekpk(ekskB_2),sign(sskB_2,payload_receiver(pk_skem_receiver(receiverSkB_2),ekpk(ekskB_2)))),msg(lkem_enc(kpk(kskB_2),rL_2),ekem_enc(ekpk(ekskB_2),rE_2),skem_enc(senderSkA_2,pk_skem_receiver(receiverSkB_2),rS_2))),kdf(lkem_ss(kpk(kskB_2),rL_2),ekem_ss(ekpk(ekskB_2),rE_2),skem_ss(senderSkA_2,pk_skem_receiver(receiverSkB_2),rS_2),sid_of(A,B,pk(spk(sskA_2),kpk(kskA_2)),pk(spk(sskB_2),kpk(kskB_2)),sender_prekey(pk_skem_sender(senderSkA_2),sign(sskA_2,payload_sender(pk_skem_sender(senderSkA_2)))),receiver_prekey(pk_skem_receiver(receiverSkB_2),ekpk(ekskB_2),sign(sskB_2,payload_receiver(pk_skem_receiver(receiverSkB_2),ekpk(ekskB_2)))),msg(lkem_enc(kpk(kskB_2),rL_2),ekem_enc(ekpk(ekskB_2),rE_2),skem_enc(senderSkA_2,pk_skem_receiver(receiverSkB_2),rS_2))))) at {77} in copy a

event HonestRun(kdf(lkem_ss(kpk(kskB_2),rL_2),ekem_ss(ekpk(ekskB_2),rE_2),skem_ss(senderSkA_2,pk_skem_receiver(receiverSkB_2),rS_2),sid_of(A,B,pk(spk(sskA_2),kpk(kskA_2)),pk(spk(sskB_2),kpk(kskB_2)),sender_prekey(pk_skem_sender(senderSkA_2),sign(sskA_2,payload_sender(pk_skem_sender(senderSkA_2)))),receiver_prekey(pk_skem_receiver(receiverSkB_2),ekpk(ekskB_2),sign(sskB_2,payload_receiver(pk_skem_receiver(receiverSkB_2),ekpk(ekskB_2)))),msg(lkem_enc(kpk(kskB_2),rL_2),ekem_enc(ekpk(ekskB_2),rE_2),skem_enc(senderSkA_2,pk_skem_receiver(receiverSkB_2),rS_2))))) at {78} in copy a (goal)

The event HonestRun(kdf(lkem_ss(kpk(kskB_2),rL_2),ekem_ss(ekpk(ekskB_2),rE_2),skem_ss(senderSkA_2,pk_skem_receiver(receiverSkB_2),rS_2),sid_of(A,B,pk(spk(sskA_2),kpk(kskA_2)),pk(spk(sskB_2),kpk(kskB_2)),sender_prekey(pk_skem_sender(senderSkA_2),sign(sskA_2,payload_sender(pk_skem_sender(senderSkA_2)))),receiver_prekey(pk_skem_receiver(receiverSkB_2),ekpk(ekskB_2),sign(sskB_2,payload_receiver(pk_skem_receiver(receiverSkB_2),ekpk(ekskB_2)))),msg(lkem_enc(kpk(kskB_2),rL_2),ekem_enc(ekpk(ekskB_2),rE_2),skem_enc(senderSkA_2,pk_skem_receiver(receiverSkB_2),rS_2))))) is executed at {78} in copy a.
A trace has been found.
RESULT not event(HonestRun(k)) is false.
-- Query event(RecvDone(B_1,A_1,s,k)) ==> event(SendDone(A_1,B_1,s,k)) in process 1.
Translating the process into Horn clauses...
Completing...
200 rules inserted. Base: 146 rules (59 with conclusion selected). Queue: 8 rules.
Starting query event(RecvDone(B_1,A_1,s,k)) ==> event(SendDone(A_1,B_1,s,k))
goal reachable: b-event(SendDone(A[],B[],sid_of(A[],B[],pk(spk(sskA[]),kpk(kskA[])),pk(spk(sskB[]),kpk(kskB[])),sender_prekey(pk_skem_sender(senderSkA[]),sign(sskA[],payload_sender(pk_skem_sender(senderSkA[])))),receiver_prekey(pk_skem_receiver(receiverSkB[]),ekpk(ekskB[]),sign(sskB[],payload_receiver(pk_skem_receiver(receiverSkB[]),ekpk(ekskB[])))),msg(lkem_enc(kpk(kskB[]),rL_1),ekem_enc(ekpk(ekskB[]),rE_1),skem_enc(senderSkA[],pk_skem_receiver(receiverSkB[]),rS_1))),kdf(lkem_ss(kpk(kskB[]),rL_1),ekem_ss(ekpk(ekskB[]),rE_1),skem_ss(senderSkA[],pk_skem_receiver(receiverSkB[]),rS_1),sid_of(A[],B[],pk(spk(sskA[]),kpk(kskA[])),pk(spk(sskB[]),kpk(kskB[])),sender_prekey(pk_skem_sender(senderSkA[]),sign(sskA[],payload_sender(pk_skem_sender(senderSkA[])))),receiver_prekey(pk_skem_receiver(receiverSkB[]),ekpk(ekskB[]),sign(sskB[],payload_receiver(pk_skem_receiver(receiverSkB[]),ekpk(ekskB[])))),msg(lkem_enc(kpk(kskB[]),rL_1),ekem_enc(ekpk(ekskB[]),rE_1),skem_enc(senderSkA[],pk_skem_receiver(receiverSkB[]),rS_1)))))) -> event(RecvDone(B[],A[],sid_of(A[],B[],pk(spk(sskA[]),kpk(kskA[])),pk(spk(sskB[]),kpk(kskB[])),sender_prekey(pk_skem_sender(senderSkA[]),sign(sskA[],payload_sender(pk_skem_sender(senderSkA[])))),receiver_prekey(pk_skem_receiver(receiverSkB[]),ekpk(ekskB[]),sign(sskB[],payload_receiver(pk_skem_receiver(receiverSkB[]),ekpk(ekskB[])))),msg(lkem_enc(kpk(kskB[]),rL_1),ekem_enc(ekpk(ekskB[]),rE_1),skem_enc(senderSkA[],pk_skem_receiver(receiverSkB[]),rS_1))),kdf(lkem_ss(kpk(kskB[]),rL_1),ekem_ss(ekpk(ekskB[]),rE_1),skem_ss(senderSkA[],pk_skem_receiver(receiverSkB[]),rS_1),sid_of(A[],B[],pk(spk(sskA[]),kpk(kskA[])),pk(spk(sskB[]),kpk(kskB[])),sender_prekey(pk_skem_sender(senderSkA[]),sign(sskA[],payload_sender(pk_skem_sender(senderSkA[])))),receiver_prekey(pk_skem_receiver(receiverSkB[]),ekpk(ekskB[]),sign(sskB[],payload_receiver(pk_skem_receiver(receiverSkB[]),ekpk(ekskB[])))),msg(lkem_enc(kpk(kskB[]),rL_1),ekem_enc(ekpk(ekskB[]),rE_1),skem_enc(senderSkA[],pk_skem_receiver(receiverSkB[]),rS_1))))))
Abbreviations:
rL_1 = rL[senderPrekeyFromNet = sender_prekey(pk_skem_sender(senderSkA[]),sign(sskA[],payload_sender(pk_skem_sender(senderSkA[])))),receiverPrekeyForSend = receiver_prekey(pk_skem_receiver(receiverSkB[]),ekpk(ekskB[]),sign(sskB[],payload_receiver(pk_skem_receiver(receiverSkB[]),ekpk(ekskB[])))),!1 = @sid]
rE_1 = rE[senderPrekeyFromNet = sender_prekey(pk_skem_sender(senderSkA[]),sign(sskA[],payload_sender(pk_skem_sender(senderSkA[])))),receiverPrekeyForSend = receiver_prekey(pk_skem_receiver(receiverSkB[]),ekpk(ekskB[]),sign(sskB[],payload_receiver(pk_skem_receiver(receiverSkB[]),ekpk(ekskB[])))),!1 = @sid]
rS_1 = rS[senderPrekeyFromNet = sender_prekey(pk_skem_sender(senderSkA[]),sign(sskA[],payload_sender(pk_skem_sender(senderSkA[])))),receiverPrekeyForSend = receiver_prekey(pk_skem_receiver(receiverSkB[]),ekpk(ekskB[]),sign(sskB[],payload_receiver(pk_skem_receiver(receiverSkB[]),ekpk(ekskB[])))),!1 = @sid]
RESULT event(RecvDone(B_1,A_1,s,k)) ==> event(SendDone(A_1,B_1,s,k)) is true.
-- Query not (event(ReceiverKey(B_1,A_1,s,k)) && attacker(k)) in process 1.
Translating the process into Horn clauses...
Completing...
Starting query not (event(ReceiverKey(B_1,A_1,s,k)) && attacker(k))
RESULT not (event(ReceiverKey(B_1,A_1,s,k)) && attacker(k)) is true.
-- Query event(AuthComponentAccepted(B_1,A_1,cts,Ks)) ==> event(AuthComponentSent(A_1,B_1,cts,Ks)) in process 1.
Translating the process into Horn clauses...
Completing...
200 rules inserted. Base: 148 rules (59 with conclusion selected). Queue: 4 rules.
Starting query event(AuthComponentAccepted(B_1,A_1,cts,Ks)) ==> event(AuthComponentSent(A_1,B_1,cts,Ks))
goal reachable: b-event(AuthComponentSent(A[],B[],skem_enc(senderSkA[],pk_skem_receiver(receiverSkB[]),rS_1),skem_ss(senderSkA[],pk_skem_receiver(receiverSkB[]),rS_1))) -> event(AuthComponentAccepted(B[],A[],skem_enc(senderSkA[],pk_skem_receiver(receiverSkB[]),rS_1),skem_ss(senderSkA[],pk_skem_receiver(receiverSkB[]),rS_1)))
Abbreviations:
rS_1 = rS[senderPrekeyFromNet = sender_prekey(pk_skem_sender(senderSkA[]),sign(sskA[],payload_sender(pk_skem_sender(senderSkA[])))),receiverPrekeyForSend = receiver_prekey(pk_skem_receiver(receiverSkB[]),ekpk(ekskB[]),sign(sskB[],payload_receiver(pk_skem_receiver(receiverSkB[]),ekpk(ekskB[])))),!1 = @sid]
RESULT event(AuthComponentAccepted(B_1,A_1,cts,Ks)) ==> event(AuthComponentSent(A_1,B_1,cts,Ks)) is true.
-- Query not (event(ProtectedData(B_1,A_1,s,d)) && attacker(d)) in process 1.
Translating the process into Horn clauses...
Completing...
Starting query not (event(ProtectedData(B_1,A_1,s,d)) && attacker(d))
RESULT not (event(ProtectedData(B_1,A_1,s,d)) && attacker(d)) is true.
-- Query event(RecvDone(B_1,A_1,s,k)) ==> event(AeadConfirmed(B_1,A_1,s,k)) in process 1.
Translating the process into Horn clauses...
Completing...
Starting query event(RecvDone(B_1,A_1,s,k)) ==> event(AeadConfirmed(B_1,A_1,s,k))
goal reachable: b-event(AeadConfirmed(B[],A[],sid_of(A[],B[],pk(spk(sskA[]),kpk(kskA[])),pk(spk(sskB[]),kpk(kskB[])),sender_prekey(pk_skem_sender(senderSkA[]),sign(sskA[],payload_sender(pk_skem_sender(senderSkA[])))),receiver_prekey(pk_skem_receiver(receiverSkB[]),ekpk(ekskB[]),sign(sskB[],payload_receiver(pk_skem_receiver(receiverSkB[]),ekpk(ekskB[])))),msg(lkem_enc(kpk(kskB[]),rL_1),ekem_enc(ekpk(ekskB[]),rE_1),skem_enc(senderSkA[],pk_skem_receiver(receiverSkB[]),rS_1))),kdf(lkem_ss(kpk(kskB[]),rL_1),ekem_ss(ekpk(ekskB[]),rE_1),skem_ss(senderSkA[],pk_skem_receiver(receiverSkB[]),rS_1),sid_of(A[],B[],pk(spk(sskA[]),kpk(kskA[])),pk(spk(sskB[]),kpk(kskB[])),sender_prekey(pk_skem_sender(senderSkA[]),sign(sskA[],payload_sender(pk_skem_sender(senderSkA[])))),receiver_prekey(pk_skem_receiver(receiverSkB[]),ekpk(ekskB[]),sign(sskB[],payload_receiver(pk_skem_receiver(receiverSkB[]),ekpk(ekskB[])))),msg(lkem_enc(kpk(kskB[]),rL_1),ekem_enc(ekpk(ekskB[]),rE_1),skem_enc(senderSkA[],pk_skem_receiver(receiverSkB[]),rS_1)))))) -> event(RecvDone(B[],A[],sid_of(A[],B[],pk(spk(sskA[]),kpk(kskA[])),pk(spk(sskB[]),kpk(kskB[])),sender_prekey(pk_skem_sender(senderSkA[]),sign(sskA[],payload_sender(pk_skem_sender(senderSkA[])))),receiver_prekey(pk_skem_receiver(receiverSkB[]),ekpk(ekskB[]),sign(sskB[],payload_receiver(pk_skem_receiver(receiverSkB[]),ekpk(ekskB[])))),msg(lkem_enc(kpk(kskB[]),rL_1),ekem_enc(ekpk(ekskB[]),rE_1),skem_enc(senderSkA[],pk_skem_receiver(receiverSkB[]),rS_1))),kdf(lkem_ss(kpk(kskB[]),rL_1),ekem_ss(ekpk(ekskB[]),rE_1),skem_ss(senderSkA[],pk_skem_receiver(receiverSkB[]),rS_1),sid_of(A[],B[],pk(spk(sskA[]),kpk(kskA[])),pk(spk(sskB[]),kpk(kskB[])),sender_prekey(pk_skem_sender(senderSkA[]),sign(sskA[],payload_sender(pk_skem_sender(senderSkA[])))),receiver_prekey(pk_skem_receiver(receiverSkB[]),ekpk(ekskB[]),sign(sskB[],payload_receiver(pk_skem_receiver(receiverSkB[]),ekpk(ekskB[])))),msg(lkem_enc(kpk(kskB[]),rL_1),ekem_enc(ekpk(ekskB[]),rE_1),skem_enc(senderSkA[],pk_skem_receiver(receiverSkB[]),rS_1))))))
Abbreviations:
rL_1 = rL[senderPrekeyFromNet = sender_prekey(pk_skem_sender(senderSkA[]),sign(sskA[],payload_sender(pk_skem_sender(senderSkA[])))),receiverPrekeyForSend = receiver_prekey(pk_skem_receiver(receiverSkB[]),ekpk(ekskB[]),sign(sskB[],payload_receiver(pk_skem_receiver(receiverSkB[]),ekpk(ekskB[])))),!1 = @sid]
rE_1 = rE[senderPrekeyFromNet = sender_prekey(pk_skem_sender(senderSkA[]),sign(sskA[],payload_sender(pk_skem_sender(senderSkA[])))),receiverPrekeyForSend = receiver_prekey(pk_skem_receiver(receiverSkB[]),ekpk(ekskB[]),sign(sskB[],payload_receiver(pk_skem_receiver(receiverSkB[]),ekpk(ekskB[])))),!1 = @sid]
rS_1 = rS[senderPrekeyFromNet = sender_prekey(pk_skem_sender(senderSkA[]),sign(sskA[],payload_sender(pk_skem_sender(senderSkA[])))),receiverPrekeyForSend = receiver_prekey(pk_skem_receiver(receiverSkB[]),ekpk(ekskB[]),sign(sskB[],payload_receiver(pk_skem_receiver(receiverSkB[]),ekpk(ekskB[])))),!1 = @sid]
RESULT event(RecvDone(B_1,A_1,s,k)) ==> event(AeadConfirmed(B_1,A_1,s,k)) is true.
-- Query event(AeadConfirmed(B_1,A_1,s,k)) ==> event(SendDone(A_1,B_1,s,k)) in process 1.
Translating the process into Horn clauses...
Completing...
200 rules inserted. Base: 146 rules (59 with conclusion selected). Queue: 8 rules.
Starting query event(AeadConfirmed(B_1,A_1,s,k)) ==> event(SendDone(A_1,B_1,s,k))
goal reachable: b-event(SendDone(A[],B[],sid_of(A[],B[],pk(spk(sskA[]),kpk(kskA[])),pk(spk(sskB[]),kpk(kskB[])),sender_prekey(pk_skem_sender(senderSkA[]),sign(sskA[],payload_sender(pk_skem_sender(senderSkA[])))),receiver_prekey(pk_skem_receiver(receiverSkB[]),ekpk(ekskB[]),sign(sskB[],payload_receiver(pk_skem_receiver(receiverSkB[]),ekpk(ekskB[])))),msg(lkem_enc(kpk(kskB[]),rL_1),ekem_enc(ekpk(ekskB[]),rE_1),skem_enc(senderSkA[],pk_skem_receiver(receiverSkB[]),rS_1))),kdf(lkem_ss(kpk(kskB[]),rL_1),ekem_ss(ekpk(ekskB[]),rE_1),skem_ss(senderSkA[],pk_skem_receiver(receiverSkB[]),rS_1),sid_of(A[],B[],pk(spk(sskA[]),kpk(kskA[])),pk(spk(sskB[]),kpk(kskB[])),sender_prekey(pk_skem_sender(senderSkA[]),sign(sskA[],payload_sender(pk_skem_sender(senderSkA[])))),receiver_prekey(pk_skem_receiver(receiverSkB[]),ekpk(ekskB[]),sign(sskB[],payload_receiver(pk_skem_receiver(receiverSkB[]),ekpk(ekskB[])))),msg(lkem_enc(kpk(kskB[]),rL_1),ekem_enc(ekpk(ekskB[]),rE_1),skem_enc(senderSkA[],pk_skem_receiver(receiverSkB[]),rS_1)))))) -> event(AeadConfirmed(B[],A[],sid_of(A[],B[],pk(spk(sskA[]),kpk(kskA[])),pk(spk(sskB[]),kpk(kskB[])),sender_prekey(pk_skem_sender(senderSkA[]),sign(sskA[],payload_sender(pk_skem_sender(senderSkA[])))),receiver_prekey(pk_skem_receiver(receiverSkB[]),ekpk(ekskB[]),sign(sskB[],payload_receiver(pk_skem_receiver(receiverSkB[]),ekpk(ekskB[])))),msg(lkem_enc(kpk(kskB[]),rL_1),ekem_enc(ekpk(ekskB[]),rE_1),skem_enc(senderSkA[],pk_skem_receiver(receiverSkB[]),rS_1))),kdf(lkem_ss(kpk(kskB[]),rL_1),ekem_ss(ekpk(ekskB[]),rE_1),skem_ss(senderSkA[],pk_skem_receiver(receiverSkB[]),rS_1),sid_of(A[],B[],pk(spk(sskA[]),kpk(kskA[])),pk(spk(sskB[]),kpk(kskB[])),sender_prekey(pk_skem_sender(senderSkA[]),sign(sskA[],payload_sender(pk_skem_sender(senderSkA[])))),receiver_prekey(pk_skem_receiver(receiverSkB[]),ekpk(ekskB[]),sign(sskB[],payload_receiver(pk_skem_receiver(receiverSkB[]),ekpk(ekskB[])))),msg(lkem_enc(kpk(kskB[]),rL_1),ekem_enc(ekpk(ekskB[]),rE_1),skem_enc(senderSkA[],pk_skem_receiver(receiverSkB[]),rS_1))))))
Abbreviations:
rL_1 = rL[senderPrekeyFromNet = sender_prekey(pk_skem_sender(senderSkA[]),sign(sskA[],payload_sender(pk_skem_sender(senderSkA[])))),receiverPrekeyForSend = receiver_prekey(pk_skem_receiver(receiverSkB[]),ekpk(ekskB[]),sign(sskB[],payload_receiver(pk_skem_receiver(receiverSkB[]),ekpk(ekskB[])))),!1 = @sid]
rE_1 = rE[senderPrekeyFromNet = sender_prekey(pk_skem_sender(senderSkA[]),sign(sskA[],payload_sender(pk_skem_sender(senderSkA[])))),receiverPrekeyForSend = receiver_prekey(pk_skem_receiver(receiverSkB[]),ekpk(ekskB[]),sign(sskB[],payload_receiver(pk_skem_receiver(receiverSkB[]),ekpk(ekskB[])))),!1 = @sid]
rS_1 = rS[senderPrekeyFromNet = sender_prekey(pk_skem_sender(senderSkA[]),sign(sskA[],payload_sender(pk_skem_sender(senderSkA[])))),receiverPrekeyForSend = receiver_prekey(pk_skem_receiver(receiverSkB[]),ekpk(ekskB[]),sign(sskB[],payload_receiver(pk_skem_receiver(receiverSkB[]),ekpk(ekskB[])))),!1 = @sid]
RESULT event(AeadConfirmed(B_1,A_1,s,k)) ==> event(SendDone(A_1,B_1,s,k)) is true.

--------------------------------------------------------------
Verification summary:

Query not event(HonestRun(k)) is false.

Query event(RecvDone(B_1,A_1,s,k)) ==> event(SendDone(A_1,B_1,s,k)) is true.

Query not (event(ReceiverKey(B_1,A_1,s,k)) && attacker(k)) is true.

Query event(AuthComponentAccepted(B_1,A_1,cts,Ks)) ==> event(AuthComponentSent(A_1,B_1,cts,Ks)) is true.

Query not (event(ProtectedData(B_1,A_1,s,d)) && attacker(d)) is true.

Query event(RecvDone(B_1,A_1,s,k)) ==> event(AeadConfirmed(B_1,A_1,s,k)) is true.

Query event(AeadConfirmed(B_1,A_1,s,k)) ==> event(SendDone(A_1,B_1,s,k)) is true.

--------------------------------------------------------------

